V3 3
FL C:/Users/Nima/Desktop/pwm/pwm/pwm.vhd 2024/01/07.15:55:49 P.20131013
EN work/pwm 1704630350 FL C:/Users/Nima/Desktop/pwm/pwm/pwm.vhd \
      PB ieee/std_logic_1164 1381692176 PB ieee/STD_LOGIC_UNSIGNED 1381692179
AR work/pwm/Behavioral 1704630351 \
      FL C:/Users/Nima/Desktop/pwm/pwm/pwm.vhd EN work/pwm 1704630350
